../Src/main.c:218:6:GPIO_Init	48	static
../Src/main.c:309:6:HAL_CAN_TxMailbox0CompleteCallback	64	static
../Src/main.c:317:6:HAL_CAN_TxMailbox1CompleteCallback	64	static
../Src/main.c:325:6:HAL_CAN_TxMailbox2CompleteCallback	64	static
../Src/main.c:398:7:LED_Manage_Output	8	static
../Src/main.c:452:6:Error_handler	0	static
../Src/main.c:72:6:SystemClock_Config_HSE	80	static
../Src/main.c:164:6:CAN1_Tx	40	static
../Src/main.c:196:6:CAN_Filter_Config	48	static
../Src/main.c:253:6:TIMER6_Init	8	static
../Src/main.c:265:6:UART2_Init	8	static
../Src/main.c:284:6:CAN1_Init	8	static
../Src/main.c:31:5:main	8	static
../Src/main.c:368:7:HAL_TIM_PeriodElapsedCallback	40	static
../Src/main.c:430:7:Send_response	40	static
../Src/main.c:333:7:HAL_CAN_RxFifo0MsgPendingCallback	72	static
